// Jest Snapshot v1, https://goo.gl/fbAQLP

exports[`Project matches the snapshot 1`] = `undefined`;
