// Jest Snapshot v1, https://goo.gl/fbAQLP

exports[`Header matches the snapshot 1`] = `
ShallowWrapper {
  Symbol(enzyme.__root__): [Circular],
  Symbol(enzyme.__unrendered__): <Header />,
  Symbol(enzyme.__renderer__): Object {
    "batchedUpdates": [Function],
    "checkPropTypes": [Function],
    "getNode": [Function],
    "render": [Function],
    "simulateError": [Function],
    "simulateEvent": [Function],
    "unmount": [Function],
  },
  Symbol(enzyme.__node__): Object {
    "instance": null,
    "key": undefined,
    "nodeType": "host",
    "props": Object {
      "children": <ul
        className="navbar-collapse collapse"
      >
        <NavItem
          icon={
            Object {
              "icon": Array [
                576,
                512,
                Array [],
                "f015",
                "M280.37 148.26L96 300.11V464a16 16 0 0 0 16 16l112.06-.29a16 16 0 0 0 15.92-16V368a16 16 0 0 1 16-16h64a16 16 0 0 1 16 16v95.64a16 16 0 0 0 16 16.05L464 480a16 16 0 0 0 16-16V300L295.67 148.26a12.19 12.19 0 0 0-15.3 0zM571.6 251.47L488 182.56V44.05a12 12 0 0 0-12-12h-56a12 12 0 0 0-12 12v72.61L318.47 43a48 48 0 0 0-61 0L4.34 251.47a12 12 0 0 0-1.6 16.9l25.5 31A12 12 0 0 0 45.15 301l235.22-193.74a12.19 12.19 0 0 1 15.3 0L530.9 301a12 12 0 0 0 16.9-1.6l25.5-31a12 12 0 0 0-1.7-16.93z",
              ],
              "iconName": "home",
              "prefix": "fas",
            }
          }
          link="https://codeforsanfrancisco.org/"
          text="Home"
        />
        <NavItem
          icon={
            Object {
              "icon": Array [
                448,
                512,
                Array [],
                "f133",
                "M12 192h424c6.6 0 12 5.4 12 12v260c0 26.5-21.5 48-48 48H48c-26.5 0-48-21.5-48-48V204c0-6.6 5.4-12 12-12zm436-44v-36c0-26.5-21.5-48-48-48h-48V12c0-6.6-5.4-12-12-12h-40c-6.6 0-12 5.4-12 12v52H160V12c0-6.6-5.4-12-12-12h-40c-6.6 0-12 5.4-12 12v52H48C21.5 64 0 85.5 0 112v36c0 6.6 5.4 12 12 12h424c6.6 0 12-5.4 12-12z",
              ],
              "iconName": "calendar",
              "prefix": "fas",
            }
          }
          link="https://codeforsanfrancisco.org/events"
          text="Events"
        />
        <NavItem
          icon={
            Object {
              "icon": Array [
                512,
                512,
                Array [],
                "f304",
                "M290.74 93.24l128.02 128.02-277.99 277.99-114.14 12.6C11.35 513.54-1.56 500.62.14 485.34l12.7-114.22 277.9-277.88zm207.2-19.06l-60.11-60.11c-18.75-18.75-49.16-18.75-67.91 0l-56.55 56.55 128.02 128.02 56.55-56.55c18.75-18.76 18.75-49.16 0-67.91z",
              ],
              "iconName": "pen",
              "prefix": "fas",
            }
          }
          link="https://codeforsanfrancisco.org/blog"
          text="Blog"
        />
        <NavItem
          icon={
            Object {
              "icon": Array [
                512,
                512,
                Array [],
                "f135",
                "M505.05 19.1a15.89 15.89 0 0 0-12.2-12.2C460.65 0 435.46 0 410.36 0c-103.2 0-165.1 55.2-211.29 128H94.87A48 48 0 0 0 52 154.49l-49.42 98.8A24 24 0 0 0 24.07 288h103.77l-22.47 22.47a32 32 0 0 0 0 45.25l50.9 50.91a32 32 0 0 0 45.26 0L224 384.16V488a24 24 0 0 0 34.7 21.49l98.7-49.39a47.91 47.91 0 0 0 26.5-42.9V312.79c72.59-46.3 128-108.4 128-211.09.1-25.2.1-50.4-6.85-82.6zM384 168a40 40 0 1 1 40-40 40 40 0 0 1-40 40z",
              ],
              "iconName": "rocket",
              "prefix": "fas",
            }
          }
          link="https://codeforsanfrancisco.org/projects"
          text="Projects"
        />
        <NavItem
          icon={
            Object {
              "icon": Array [
                512,
                512,
                Array [],
                "f004",
                "M462.3 62.6C407.5 15.9 326 24.3 275.7 76.2L256 96.5l-19.7-20.3C186.1 24.3 104.5 15.9 49.7 62.6c-62.8 53.6-66.1 149.8-9.9 207.9l193.5 199.8c12.5 12.9 32.8 12.9 45.3 0l193.5-199.8c56.3-58.1 53-154.3-9.8-207.9z",
              ],
              "iconName": "heart",
              "prefix": "fas",
            }
          }
          link="https://codeforsanfrancisco.org/donate"
          text="Donate"
        />
        <NavItem
          icon={
            Object {
              "icon": Array [
                512,
                512,
                Array [],
                "f05a",
                "M256 8C119.043 8 8 119.083 8 256c0 136.997 111.043 248 248 248s248-111.003 248-248C504 119.083 392.957 8 256 8zm0 110c23.196 0 42 18.804 42 42s-18.804 42-42 42-42-18.804-42-42 18.804-42 42-42zm56 254c0 6.627-5.373 12-12 12h-88c-6.627 0-12-5.373-12-12v-24c0-6.627 5.373-12 12-12h12v-64h-12c-6.627 0-12-5.373-12-12v-24c0-6.627 5.373-12 12-12h64c6.627 0 12 5.373 12 12v100h12c6.627 0 12 5.373 12 12v24z",
              ],
              "iconName": "info-circle",
              "prefix": "fas",
            }
          }
          link="https://codeforsanfrancisco.org/about"
          text="About"
        />
      </ul>,
      "className": "navbar navbar-expand-md navbar-light",
    },
    "ref": null,
    "rendered": Object {
      "instance": null,
      "key": undefined,
      "nodeType": "host",
      "props": Object {
        "children": Array [
          <NavItem
            icon={
              Object {
                "icon": Array [
                  576,
                  512,
                  Array [],
                  "f015",
                  "M280.37 148.26L96 300.11V464a16 16 0 0 0 16 16l112.06-.29a16 16 0 0 0 15.92-16V368a16 16 0 0 1 16-16h64a16 16 0 0 1 16 16v95.64a16 16 0 0 0 16 16.05L464 480a16 16 0 0 0 16-16V300L295.67 148.26a12.19 12.19 0 0 0-15.3 0zM571.6 251.47L488 182.56V44.05a12 12 0 0 0-12-12h-56a12 12 0 0 0-12 12v72.61L318.47 43a48 48 0 0 0-61 0L4.34 251.47a12 12 0 0 0-1.6 16.9l25.5 31A12 12 0 0 0 45.15 301l235.22-193.74a12.19 12.19 0 0 1 15.3 0L530.9 301a12 12 0 0 0 16.9-1.6l25.5-31a12 12 0 0 0-1.7-16.93z",
                ],
                "iconName": "home",
                "prefix": "fas",
              }
            }
            link="https://codeforsanfrancisco.org/"
            text="Home"
          />,
          <NavItem
            icon={
              Object {
                "icon": Array [
                  448,
                  512,
                  Array [],
                  "f133",
                  "M12 192h424c6.6 0 12 5.4 12 12v260c0 26.5-21.5 48-48 48H48c-26.5 0-48-21.5-48-48V204c0-6.6 5.4-12 12-12zm436-44v-36c0-26.5-21.5-48-48-48h-48V12c0-6.6-5.4-12-12-12h-40c-6.6 0-12 5.4-12 12v52H160V12c0-6.6-5.4-12-12-12h-40c-6.6 0-12 5.4-12 12v52H48C21.5 64 0 85.5 0 112v36c0 6.6 5.4 12 12 12h424c6.6 0 12-5.4 12-12z",
                ],
                "iconName": "calendar",
                "prefix": "fas",
              }
            }
            link="https://codeforsanfrancisco.org/events"
            text="Events"
          />,
          <NavItem
            icon={
              Object {
                "icon": Array [
                  512,
                  512,
                  Array [],
                  "f304",
                  "M290.74 93.24l128.02 128.02-277.99 277.99-114.14 12.6C11.35 513.54-1.56 500.62.14 485.34l12.7-114.22 277.9-277.88zm207.2-19.06l-60.11-60.11c-18.75-18.75-49.16-18.75-67.91 0l-56.55 56.55 128.02 128.02 56.55-56.55c18.75-18.76 18.75-49.16 0-67.91z",
                ],
                "iconName": "pen",
                "prefix": "fas",
              }
            }
            link="https://codeforsanfrancisco.org/blog"
            text="Blog"
          />,
          <NavItem
            icon={
              Object {
                "icon": Array [
                  512,
                  512,
                  Array [],
                  "f135",
                  "M505.05 19.1a15.89 15.89 0 0 0-12.2-12.2C460.65 0 435.46 0 410.36 0c-103.2 0-165.1 55.2-211.29 128H94.87A48 48 0 0 0 52 154.49l-49.42 98.8A24 24 0 0 0 24.07 288h103.77l-22.47 22.47a32 32 0 0 0 0 45.25l50.9 50.91a32 32 0 0 0 45.26 0L224 384.16V488a24 24 0 0 0 34.7 21.49l98.7-49.39a47.91 47.91 0 0 0 26.5-42.9V312.79c72.59-46.3 128-108.4 128-211.09.1-25.2.1-50.4-6.85-82.6zM384 168a40 40 0 1 1 40-40 40 40 0 0 1-40 40z",
                ],
                "iconName": "rocket",
                "prefix": "fas",
              }
            }
            link="https://codeforsanfrancisco.org/projects"
            text="Projects"
          />,
          <NavItem
            icon={
              Object {
                "icon": Array [
                  512,
                  512,
                  Array [],
                  "f004",
                  "M462.3 62.6C407.5 15.9 326 24.3 275.7 76.2L256 96.5l-19.7-20.3C186.1 24.3 104.5 15.9 49.7 62.6c-62.8 53.6-66.1 149.8-9.9 207.9l193.5 199.8c12.5 12.9 32.8 12.9 45.3 0l193.5-199.8c56.3-58.1 53-154.3-9.8-207.9z",
                ],
                "iconName": "heart",
                "prefix": "fas",
              }
            }
            link="https://codeforsanfrancisco.org/donate"
            text="Donate"
          />,
          <NavItem
            icon={
              Object {
                "icon": Array [
                  512,
                  512,
                  Array [],
                  "f05a",
                  "M256 8C119.043 8 8 119.083 8 256c0 136.997 111.043 248 248 248s248-111.003 248-248C504 119.083 392.957 8 256 8zm0 110c23.196 0 42 18.804 42 42s-18.804 42-42 42-42-18.804-42-42 18.804-42 42-42zm56 254c0 6.627-5.373 12-12 12h-88c-6.627 0-12-5.373-12-12v-24c0-6.627 5.373-12 12-12h12v-64h-12c-6.627 0-12-5.373-12-12v-24c0-6.627 5.373-12 12-12h64c6.627 0 12 5.373 12 12v100h12c6.627 0 12 5.373 12 12v24z",
                ],
                "iconName": "info-circle",
                "prefix": "fas",
              }
            }
            link="https://codeforsanfrancisco.org/about"
            text="About"
          />,
        ],
        "className": "navbar-collapse collapse",
      },
      "ref": null,
      "rendered": Array [
        Object {
          "instance": null,
          "key": "0",
          "nodeType": "class",
          "props": Object {
            "icon": Object {
              "icon": Array [
                576,
                512,
                Array [],
                "f015",
                "M280.37 148.26L96 300.11V464a16 16 0 0 0 16 16l112.06-.29a16 16 0 0 0 15.92-16V368a16 16 0 0 1 16-16h64a16 16 0 0 1 16 16v95.64a16 16 0 0 0 16 16.05L464 480a16 16 0 0 0 16-16V300L295.67 148.26a12.19 12.19 0 0 0-15.3 0zM571.6 251.47L488 182.56V44.05a12 12 0 0 0-12-12h-56a12 12 0 0 0-12 12v72.61L318.47 43a48 48 0 0 0-61 0L4.34 251.47a12 12 0 0 0-1.6 16.9l25.5 31A12 12 0 0 0 45.15 301l235.22-193.74a12.19 12.19 0 0 1 15.3 0L530.9 301a12 12 0 0 0 16.9-1.6l25.5-31a12 12 0 0 0-1.7-16.93z",
              ],
              "iconName": "home",
              "prefix": "fas",
            },
            "link": "https://codeforsanfrancisco.org/",
            "text": "Home",
          },
          "ref": null,
          "rendered": null,
          "type": [Function],
        },
        Object {
          "instance": null,
          "key": "1",
          "nodeType": "class",
          "props": Object {
            "icon": Object {
              "icon": Array [
                448,
                512,
                Array [],
                "f133",
                "M12 192h424c6.6 0 12 5.4 12 12v260c0 26.5-21.5 48-48 48H48c-26.5 0-48-21.5-48-48V204c0-6.6 5.4-12 12-12zm436-44v-36c0-26.5-21.5-48-48-48h-48V12c0-6.6-5.4-12-12-12h-40c-6.6 0-12 5.4-12 12v52H160V12c0-6.6-5.4-12-12-12h-40c-6.6 0-12 5.4-12 12v52H48C21.5 64 0 85.5 0 112v36c0 6.6 5.4 12 12 12h424c6.6 0 12-5.4 12-12z",
              ],
              "iconName": "calendar",
              "prefix": "fas",
            },
            "link": "https://codeforsanfrancisco.org/events",
            "text": "Events",
          },
          "ref": null,
          "rendered": null,
          "type": [Function],
        },
        Object {
          "instance": null,
          "key": "2",
          "nodeType": "class",
          "props": Object {
            "icon": Object {
              "icon": Array [
                512,
                512,
                Array [],
                "f304",
                "M290.74 93.24l128.02 128.02-277.99 277.99-114.14 12.6C11.35 513.54-1.56 500.62.14 485.34l12.7-114.22 277.9-277.88zm207.2-19.06l-60.11-60.11c-18.75-18.75-49.16-18.75-67.91 0l-56.55 56.55 128.02 128.02 56.55-56.55c18.75-18.76 18.75-49.16 0-67.91z",
              ],
              "iconName": "pen",
              "prefix": "fas",
            },
            "link": "https://codeforsanfrancisco.org/blog",
            "text": "Blog",
          },
          "ref": null,
          "rendered": null,
          "type": [Function],
        },
        Object {
          "instance": null,
          "key": "3",
          "nodeType": "class",
          "props": Object {
            "icon": Object {
              "icon": Array [
                512,
                512,
                Array [],
                "f135",
                "M505.05 19.1a15.89 15.89 0 0 0-12.2-12.2C460.65 0 435.46 0 410.36 0c-103.2 0-165.1 55.2-211.29 128H94.87A48 48 0 0 0 52 154.49l-49.42 98.8A24 24 0 0 0 24.07 288h103.77l-22.47 22.47a32 32 0 0 0 0 45.25l50.9 50.91a32 32 0 0 0 45.26 0L224 384.16V488a24 24 0 0 0 34.7 21.49l98.7-49.39a47.91 47.91 0 0 0 26.5-42.9V312.79c72.59-46.3 128-108.4 128-211.09.1-25.2.1-50.4-6.85-82.6zM384 168a40 40 0 1 1 40-40 40 40 0 0 1-40 40z",
              ],
              "iconName": "rocket",
              "prefix": "fas",
            },
            "link": "https://codeforsanfrancisco.org/projects",
            "text": "Projects",
          },
          "ref": null,
          "rendered": null,
          "type": [Function],
        },
        Object {
          "instance": null,
          "key": "4",
          "nodeType": "class",
          "props": Object {
            "icon": Object {
              "icon": Array [
                512,
                512,
                Array [],
                "f004",
                "M462.3 62.6C407.5 15.9 326 24.3 275.7 76.2L256 96.5l-19.7-20.3C186.1 24.3 104.5 15.9 49.7 62.6c-62.8 53.6-66.1 149.8-9.9 207.9l193.5 199.8c12.5 12.9 32.8 12.9 45.3 0l193.5-199.8c56.3-58.1 53-154.3-9.8-207.9z",
              ],
              "iconName": "heart",
              "prefix": "fas",
            },
            "link": "https://codeforsanfrancisco.org/donate",
            "text": "Donate",
          },
          "ref": null,
          "rendered": null,
          "type": [Function],
        },
        Object {
          "instance": null,
          "key": "5",
          "nodeType": "class",
          "props": Object {
            "icon": Object {
              "icon": Array [
                512,
                512,
                Array [],
                "f05a",
                "M256 8C119.043 8 8 119.083 8 256c0 136.997 111.043 248 248 248s248-111.003 248-248C504 119.083 392.957 8 256 8zm0 110c23.196 0 42 18.804 42 42s-18.804 42-42 42-42-18.804-42-42 18.804-42 42-42zm56 254c0 6.627-5.373 12-12 12h-88c-6.627 0-12-5.373-12-12v-24c0-6.627 5.373-12 12-12h12v-64h-12c-6.627 0-12-5.373-12-12v-24c0-6.627 5.373-12 12-12h64c6.627 0 12 5.373 12 12v100h12c6.627 0 12 5.373 12 12v24z",
              ],
              "iconName": "info-circle",
              "prefix": "fas",
            },
            "link": "https://codeforsanfrancisco.org/about",
            "text": "About",
          },
          "ref": null,
          "rendered": null,
          "type": [Function],
        },
      ],
      "type": "ul",
    },
    "type": "nav",
  },
  Symbol(enzyme.__nodes__): Array [
    Object {
      "instance": null,
      "key": undefined,
      "nodeType": "host",
      "props": Object {
        "children": <ul
          className="navbar-collapse collapse"
        >
          <NavItem
            icon={
              Object {
                "icon": Array [
                  576,
                  512,
                  Array [],
                  "f015",
                  "M280.37 148.26L96 300.11V464a16 16 0 0 0 16 16l112.06-.29a16 16 0 0 0 15.92-16V368a16 16 0 0 1 16-16h64a16 16 0 0 1 16 16v95.64a16 16 0 0 0 16 16.05L464 480a16 16 0 0 0 16-16V300L295.67 148.26a12.19 12.19 0 0 0-15.3 0zM571.6 251.47L488 182.56V44.05a12 12 0 0 0-12-12h-56a12 12 0 0 0-12 12v72.61L318.47 43a48 48 0 0 0-61 0L4.34 251.47a12 12 0 0 0-1.6 16.9l25.5 31A12 12 0 0 0 45.15 301l235.22-193.74a12.19 12.19 0 0 1 15.3 0L530.9 301a12 12 0 0 0 16.9-1.6l25.5-31a12 12 0 0 0-1.7-16.93z",
                ],
                "iconName": "home",
                "prefix": "fas",
              }
            }
            link="https://codeforsanfrancisco.org/"
            text="Home"
          />
          <NavItem
            icon={
              Object {
                "icon": Array [
                  448,
                  512,
                  Array [],
                  "f133",
                  "M12 192h424c6.6 0 12 5.4 12 12v260c0 26.5-21.5 48-48 48H48c-26.5 0-48-21.5-48-48V204c0-6.6 5.4-12 12-12zm436-44v-36c0-26.5-21.5-48-48-48h-48V12c0-6.6-5.4-12-12-12h-40c-6.6 0-12 5.4-12 12v52H160V12c0-6.6-5.4-12-12-12h-40c-6.6 0-12 5.4-12 12v52H48C21.5 64 0 85.5 0 112v36c0 6.6 5.4 12 12 12h424c6.6 0 12-5.4 12-12z",
                ],
                "iconName": "calendar",
                "prefix": "fas",
              }
            }
            link="https://codeforsanfrancisco.org/events"
            text="Events"
          />
          <NavItem
            icon={
              Object {
                "icon": Array [
                  512,
                  512,
                  Array [],
                  "f304",
                  "M290.74 93.24l128.02 128.02-277.99 277.99-114.14 12.6C11.35 513.54-1.56 500.62.14 485.34l12.7-114.22 277.9-277.88zm207.2-19.06l-60.11-60.11c-18.75-18.75-49.16-18.75-67.91 0l-56.55 56.55 128.02 128.02 56.55-56.55c18.75-18.76 18.75-49.16 0-67.91z",
                ],
                "iconName": "pen",
                "prefix": "fas",
              }
            }
            link="https://codeforsanfrancisco.org/blog"
            text="Blog"
          />
          <NavItem
            icon={
              Object {
                "icon": Array [
                  512,
                  512,
                  Array [],
                  "f135",
                  "M505.05 19.1a15.89 15.89 0 0 0-12.2-12.2C460.65 0 435.46 0 410.36 0c-103.2 0-165.1 55.2-211.29 128H94.87A48 48 0 0 0 52 154.49l-49.42 98.8A24 24 0 0 0 24.07 288h103.77l-22.47 22.47a32 32 0 0 0 0 45.25l50.9 50.91a32 32 0 0 0 45.26 0L224 384.16V488a24 24 0 0 0 34.7 21.49l98.7-49.39a47.91 47.91 0 0 0 26.5-42.9V312.79c72.59-46.3 128-108.4 128-211.09.1-25.2.1-50.4-6.85-82.6zM384 168a40 40 0 1 1 40-40 40 40 0 0 1-40 40z",
                ],
                "iconName": "rocket",
                "prefix": "fas",
              }
            }
            link="https://codeforsanfrancisco.org/projects"
            text="Projects"
          />
          <NavItem
            icon={
              Object {
                "icon": Array [
                  512,
                  512,
                  Array [],
                  "f004",
                  "M462.3 62.6C407.5 15.9 326 24.3 275.7 76.2L256 96.5l-19.7-20.3C186.1 24.3 104.5 15.9 49.7 62.6c-62.8 53.6-66.1 149.8-9.9 207.9l193.5 199.8c12.5 12.9 32.8 12.9 45.3 0l193.5-199.8c56.3-58.1 53-154.3-9.8-207.9z",
                ],
                "iconName": "heart",
                "prefix": "fas",
              }
            }
            link="https://codeforsanfrancisco.org/donate"
            text="Donate"
          />
          <NavItem
            icon={
              Object {
                "icon": Array [
                  512,
                  512,
                  Array [],
                  "f05a",
                  "M256 8C119.043 8 8 119.083 8 256c0 136.997 111.043 248 248 248s248-111.003 248-248C504 119.083 392.957 8 256 8zm0 110c23.196 0 42 18.804 42 42s-18.804 42-42 42-42-18.804-42-42 18.804-42 42-42zm56 254c0 6.627-5.373 12-12 12h-88c-6.627 0-12-5.373-12-12v-24c0-6.627 5.373-12 12-12h12v-64h-12c-6.627 0-12-5.373-12-12v-24c0-6.627 5.373-12 12-12h64c6.627 0 12 5.373 12 12v100h12c6.627 0 12 5.373 12 12v24z",
                ],
                "iconName": "info-circle",
                "prefix": "fas",
              }
            }
            link="https://codeforsanfrancisco.org/about"
            text="About"
          />
        </ul>,
        "className": "navbar navbar-expand-md navbar-light",
      },
      "ref": null,
      "rendered": Object {
        "instance": null,
        "key": undefined,
        "nodeType": "host",
        "props": Object {
          "children": Array [
            <NavItem
              icon={
                Object {
                  "icon": Array [
                    576,
                    512,
                    Array [],
                    "f015",
                    "M280.37 148.26L96 300.11V464a16 16 0 0 0 16 16l112.06-.29a16 16 0 0 0 15.92-16V368a16 16 0 0 1 16-16h64a16 16 0 0 1 16 16v95.64a16 16 0 0 0 16 16.05L464 480a16 16 0 0 0 16-16V300L295.67 148.26a12.19 12.19 0 0 0-15.3 0zM571.6 251.47L488 182.56V44.05a12 12 0 0 0-12-12h-56a12 12 0 0 0-12 12v72.61L318.47 43a48 48 0 0 0-61 0L4.34 251.47a12 12 0 0 0-1.6 16.9l25.5 31A12 12 0 0 0 45.15 301l235.22-193.74a12.19 12.19 0 0 1 15.3 0L530.9 301a12 12 0 0 0 16.9-1.6l25.5-31a12 12 0 0 0-1.7-16.93z",
                  ],
                  "iconName": "home",
                  "prefix": "fas",
                }
              }
              link="https://codeforsanfrancisco.org/"
              text="Home"
            />,
            <NavItem
              icon={
                Object {
                  "icon": Array [
                    448,
                    512,
                    Array [],
                    "f133",
                    "M12 192h424c6.6 0 12 5.4 12 12v260c0 26.5-21.5 48-48 48H48c-26.5 0-48-21.5-48-48V204c0-6.6 5.4-12 12-12zm436-44v-36c0-26.5-21.5-48-48-48h-48V12c0-6.6-5.4-12-12-12h-40c-6.6 0-12 5.4-12 12v52H160V12c0-6.6-5.4-12-12-12h-40c-6.6 0-12 5.4-12 12v52H48C21.5 64 0 85.5 0 112v36c0 6.6 5.4 12 12 12h424c6.6 0 12-5.4 12-12z",
                  ],
                  "iconName": "calendar",
                  "prefix": "fas",
                }
              }
              link="https://codeforsanfrancisco.org/events"
              text="Events"
            />,
            <NavItem
              icon={
                Object {
                  "icon": Array [
                    512,
                    512,
                    Array [],
                    "f304",
                    "M290.74 93.24l128.02 128.02-277.99 277.99-114.14 12.6C11.35 513.54-1.56 500.62.14 485.34l12.7-114.22 277.9-277.88zm207.2-19.06l-60.11-60.11c-18.75-18.75-49.16-18.75-67.91 0l-56.55 56.55 128.02 128.02 56.55-56.55c18.75-18.76 18.75-49.16 0-67.91z",
                  ],
                  "iconName": "pen",
                  "prefix": "fas",
                }
              }
              link="https://codeforsanfrancisco.org/blog"
              text="Blog"
            />,
            <NavItem
              icon={
                Object {
                  "icon": Array [
                    512,
                    512,
                    Array [],
                    "f135",
                    "M505.05 19.1a15.89 15.89 0 0 0-12.2-12.2C460.65 0 435.46 0 410.36 0c-103.2 0-165.1 55.2-211.29 128H94.87A48 48 0 0 0 52 154.49l-49.42 98.8A24 24 0 0 0 24.07 288h103.77l-22.47 22.47a32 32 0 0 0 0 45.25l50.9 50.91a32 32 0 0 0 45.26 0L224 384.16V488a24 24 0 0 0 34.7 21.49l98.7-49.39a47.91 47.91 0 0 0 26.5-42.9V312.79c72.59-46.3 128-108.4 128-211.09.1-25.2.1-50.4-6.85-82.6zM384 168a40 40 0 1 1 40-40 40 40 0 0 1-40 40z",
                  ],
                  "iconName": "rocket",
                  "prefix": "fas",
                }
              }
              link="https://codeforsanfrancisco.org/projects"
              text="Projects"
            />,
            <NavItem
              icon={
                Object {
                  "icon": Array [
                    512,
                    512,
                    Array [],
                    "f004",
                    "M462.3 62.6C407.5 15.9 326 24.3 275.7 76.2L256 96.5l-19.7-20.3C186.1 24.3 104.5 15.9 49.7 62.6c-62.8 53.6-66.1 149.8-9.9 207.9l193.5 199.8c12.5 12.9 32.8 12.9 45.3 0l193.5-199.8c56.3-58.1 53-154.3-9.8-207.9z",
                  ],
                  "iconName": "heart",
                  "prefix": "fas",
                }
              }
              link="https://codeforsanfrancisco.org/donate"
              text="Donate"
            />,
            <NavItem
              icon={
                Object {
                  "icon": Array [
                    512,
                    512,
                    Array [],
                    "f05a",
                    "M256 8C119.043 8 8 119.083 8 256c0 136.997 111.043 248 248 248s248-111.003 248-248C504 119.083 392.957 8 256 8zm0 110c23.196 0 42 18.804 42 42s-18.804 42-42 42-42-18.804-42-42 18.804-42 42-42zm56 254c0 6.627-5.373 12-12 12h-88c-6.627 0-12-5.373-12-12v-24c0-6.627 5.373-12 12-12h12v-64h-12c-6.627 0-12-5.373-12-12v-24c0-6.627 5.373-12 12-12h64c6.627 0 12 5.373 12 12v100h12c6.627 0 12 5.373 12 12v24z",
                  ],
                  "iconName": "info-circle",
                  "prefix": "fas",
                }
              }
              link="https://codeforsanfrancisco.org/about"
              text="About"
            />,
          ],
          "className": "navbar-collapse collapse",
        },
        "ref": null,
        "rendered": Array [
          Object {
            "instance": null,
            "key": "0",
            "nodeType": "class",
            "props": Object {
              "icon": Object {
                "icon": Array [
                  576,
                  512,
                  Array [],
                  "f015",
                  "M280.37 148.26L96 300.11V464a16 16 0 0 0 16 16l112.06-.29a16 16 0 0 0 15.92-16V368a16 16 0 0 1 16-16h64a16 16 0 0 1 16 16v95.64a16 16 0 0 0 16 16.05L464 480a16 16 0 0 0 16-16V300L295.67 148.26a12.19 12.19 0 0 0-15.3 0zM571.6 251.47L488 182.56V44.05a12 12 0 0 0-12-12h-56a12 12 0 0 0-12 12v72.61L318.47 43a48 48 0 0 0-61 0L4.34 251.47a12 12 0 0 0-1.6 16.9l25.5 31A12 12 0 0 0 45.15 301l235.22-193.74a12.19 12.19 0 0 1 15.3 0L530.9 301a12 12 0 0 0 16.9-1.6l25.5-31a12 12 0 0 0-1.7-16.93z",
                ],
                "iconName": "home",
                "prefix": "fas",
              },
              "link": "https://codeforsanfrancisco.org/",
              "text": "Home",
            },
            "ref": null,
            "rendered": null,
            "type": [Function],
          },
          Object {
            "instance": null,
            "key": "1",
            "nodeType": "class",
            "props": Object {
              "icon": Object {
                "icon": Array [
                  448,
                  512,
                  Array [],
                  "f133",
                  "M12 192h424c6.6 0 12 5.4 12 12v260c0 26.5-21.5 48-48 48H48c-26.5 0-48-21.5-48-48V204c0-6.6 5.4-12 12-12zm436-44v-36c0-26.5-21.5-48-48-48h-48V12c0-6.6-5.4-12-12-12h-40c-6.6 0-12 5.4-12 12v52H160V12c0-6.6-5.4-12-12-12h-40c-6.6 0-12 5.4-12 12v52H48C21.5 64 0 85.5 0 112v36c0 6.6 5.4 12 12 12h424c6.6 0 12-5.4 12-12z",
                ],
                "iconName": "calendar",
                "prefix": "fas",
              },
              "link": "https://codeforsanfrancisco.org/events",
              "text": "Events",
            },
            "ref": null,
            "rendered": null,
            "type": [Function],
          },
          Object {
            "instance": null,
            "key": "2",
            "nodeType": "class",
            "props": Object {
              "icon": Object {
                "icon": Array [
                  512,
                  512,
                  Array [],
                  "f304",
                  "M290.74 93.24l128.02 128.02-277.99 277.99-114.14 12.6C11.35 513.54-1.56 500.62.14 485.34l12.7-114.22 277.9-277.88zm207.2-19.06l-60.11-60.11c-18.75-18.75-49.16-18.75-67.91 0l-56.55 56.55 128.02 128.02 56.55-56.55c18.75-18.76 18.75-49.16 0-67.91z",
                ],
                "iconName": "pen",
                "prefix": "fas",
              },
              "link": "https://codeforsanfrancisco.org/blog",
              "text": "Blog",
            },
            "ref": null,
            "rendered": null,
            "type": [Function],
          },
          Object {
            "instance": null,
            "key": "3",
            "nodeType": "class",
            "props": Object {
              "icon": Object {
                "icon": Array [
                  512,
                  512,
                  Array [],
                  "f135",
                  "M505.05 19.1a15.89 15.89 0 0 0-12.2-12.2C460.65 0 435.46 0 410.36 0c-103.2 0-165.1 55.2-211.29 128H94.87A48 48 0 0 0 52 154.49l-49.42 98.8A24 24 0 0 0 24.07 288h103.77l-22.47 22.47a32 32 0 0 0 0 45.25l50.9 50.91a32 32 0 0 0 45.26 0L224 384.16V488a24 24 0 0 0 34.7 21.49l98.7-49.39a47.91 47.91 0 0 0 26.5-42.9V312.79c72.59-46.3 128-108.4 128-211.09.1-25.2.1-50.4-6.85-82.6zM384 168a40 40 0 1 1 40-40 40 40 0 0 1-40 40z",
                ],
                "iconName": "rocket",
                "prefix": "fas",
              },
              "link": "https://codeforsanfrancisco.org/projects",
              "text": "Projects",
            },
            "ref": null,
            "rendered": null,
            "type": [Function],
          },
          Object {
            "instance": null,
            "key": "4",
            "nodeType": "class",
            "props": Object {
              "icon": Object {
                "icon": Array [
                  512,
                  512,
                  Array [],
                  "f004",
                  "M462.3 62.6C407.5 15.9 326 24.3 275.7 76.2L256 96.5l-19.7-20.3C186.1 24.3 104.5 15.9 49.7 62.6c-62.8 53.6-66.1 149.8-9.9 207.9l193.5 199.8c12.5 12.9 32.8 12.9 45.3 0l193.5-199.8c56.3-58.1 53-154.3-9.8-207.9z",
                ],
                "iconName": "heart",
                "prefix": "fas",
              },
              "link": "https://codeforsanfrancisco.org/donate",
              "text": "Donate",
            },
            "ref": null,
            "rendered": null,
            "type": [Function],
          },
          Object {
            "instance": null,
            "key": "5",
            "nodeType": "class",
            "props": Object {
              "icon": Object {
                "icon": Array [
                  512,
                  512,
                  Array [],
                  "f05a",
                  "M256 8C119.043 8 8 119.083 8 256c0 136.997 111.043 248 248 248s248-111.003 248-248C504 119.083 392.957 8 256 8zm0 110c23.196 0 42 18.804 42 42s-18.804 42-42 42-42-18.804-42-42 18.804-42 42-42zm56 254c0 6.627-5.373 12-12 12h-88c-6.627 0-12-5.373-12-12v-24c0-6.627 5.373-12 12-12h12v-64h-12c-6.627 0-12-5.373-12-12v-24c0-6.627 5.373-12 12-12h64c6.627 0 12 5.373 12 12v100h12c6.627 0 12 5.373 12 12v24z",
                ],
                "iconName": "info-circle",
                "prefix": "fas",
              },
              "link": "https://codeforsanfrancisco.org/about",
              "text": "About",
            },
            "ref": null,
            "rendered": null,
            "type": [Function],
          },
        ],
        "type": "ul",
      },
      "type": "nav",
    },
  ],
  Symbol(enzyme.__options__): Object {
    "adapter": ReactSixteenAdapter {
      "options": Object {
        "enableComponentDidUpdateOnSetState": true,
        "legacyContextMode": "parent",
        "lifecycles": Object {
          "componentDidUpdate": Object {
            "onSetState": true,
          },
          "getChildContext": Object {
            "calledByRenderer": false,
          },
          "getDerivedStateFromProps": Object {
            "hasShouldComponentUpdateBug": false,
          },
          "getSnapshotBeforeUpdate": true,
          "setState": Object {
            "skipsComponentDidUpdateOnNullish": true,
          },
        },
      },
    },
  },
  Symbol(enzyme.__childContext__): null,
}
`;
